// Jest Snapshot v1, https://goo.gl/fbAQLP

exports[`LoadingBar component Matches the snapshot 1`] = `
<div>
  <div
    class="LoadingBar"
  >
    <div />
  </div>
</div>
`;
